---
source: crates/pink/src/runtime.rs
assertion_line: 151
expression: "(<PinkRuntime as frame_system::Config>::BlockWeights::get(),\n    <PinkRuntime as Config>::Schedule::get(),\n    <PinkRuntime as Config>::DeletionQueueDepth::get(),\n    <PinkRuntime as Config>::DeletionWeightLimit::get(),\n    <PinkRuntime as Config>::MaxCodeLen::get(),\n    <PinkRuntime as Config>::MaxStorageKeyLen::get())"
---
(
    BlockWeights {
        base_block: Weight {
            ref_time: 358523000,
            proof_size: 0,
        },
        max_block: Weight {
            ref_time: 2000000000000,
            proof_size: 18446744073709551615,
        },
        per_class: PerDispatchClass {
            normal: WeightsPerClass {
                base_extrinsic: Weight {
                    ref_time: 98974000,
                    proof_size: 0,
                },
                max_extrinsic: Some(
                    Weight {
                        ref_time: 1299901026000,
                        proof_size: 11990383647911208550,
                    },
                ),
                max_total: Some(
                    Weight {
                        ref_time: 1500000000000,
                        proof_size: 13835058055282163711,
                    },
                ),
                reserved: Some(
                    Weight {
                        ref_time: 0,
                        proof_size: 0,
                    },
                ),
            },
            operational: WeightsPerClass {
                base_extrinsic: Weight {
                    ref_time: 98974000,
                    proof_size: 0,
                },
                max_extrinsic: Some(
                    Weight {
                        ref_time: 1799901026000,
                        proof_size: 16602069666338596454,
                    },
                ),
                max_total: Some(
                    Weight {
                        ref_time: 2000000000000,
                        proof_size: 18446744073709551615,
                    },
                ),
                reserved: Some(
                    Weight {
                        ref_time: 500000000000,
                        proof_size: 4611686018427387904,
                    },
                ),
            },
            mandatory: WeightsPerClass {
                base_extrinsic: Weight {
                    ref_time: 98974000,
                    proof_size: 0,
                },
                max_extrinsic: None,
                max_total: None,
                reserved: None,
            },
        },
    },
    Schedule {
        limits: Limits {
            event_topics: 4,
            stack_height: None,
            globals: 256,
            parameters: 128,
            memory_pages: 64,
            table_size: 4096,
            br_table_size: 256,
            subject_len: 32,
            call_depth: 32,
            payload_len: 16384,
        },
        instruction_weights: InstructionWeights {
            version: "3 ps",
            fallback: "8.0 ns",
            i64const: "4.7 ns",
            i64load: "20.4 ns",
            i64store: "17.5 ns",
            select: "5.1 ns",
            r#if: "12.3 ns",
            br: "7.1 ns",
            br_if: "7.4 ns",
            br_table: "9.4 ns",
            br_table_per_entry: "30 ps",
            call: "64.0 ns",
            call_indirect: "78.1 ns",
            call_indirect_per_param: "795 ps",
            local_get: "5.9 ns",
            local_set: "5.3 ns",
            local_tee: "5.3 ns",
            global_get: "10.3 ns",
            global_set: "10.8 ns",
            memory_current: "4.7 ns",
            memory_grow: "11.4 µs",
            i64clz: "4.2 ns",
            i64ctz: "4.3 ns",
            i64popcnt: "4.2 ns",
            i64eqz: "4.2 ns",
            i64extendsi32: "4.2 ns",
            i64extendui32: "4.2 ns",
            i32wrapi64: "4.2 ns",
            i64eq: "4.2 ns",
            i64ne: "4.2 ns",
            i64lts: "4.3 ns",
            i64ltu: "4.2 ns",
            i64gts: "4.3 ns",
            i64gtu: "4.3 ns",
            i64les: "4.3 ns",
            i64leu: "4.3 ns",
            i64ges: "4.3 ns",
            i64geu: "4.3 ns",
            i64add: "4.3 ns",
            i64sub: "4.3 ns",
            i64mul: "4.3 ns",
            i64divs: "11.6 ns",
            i64divu: "8.9 ns",
            i64rems: "11.5 ns",
            i64remu: "9.4 ns",
            i64and: "4.4 ns",
            i64or: "4.4 ns",
            i64xor: "4.4 ns",
            i64shl: "4.4 ns",
            i64shrs: "4.5 ns",
            i64shru: "4.5 ns",
            i64rotl: "4.8 ns",
            i64rotr: "4.6 ns",
        },
        host_fn_weights: HostFnWeights {
            caller: "442.7 ns",
            is_contract: "2.6 µs",
            code_hash: "3.4 µs",
            own_code_hash: "485.0 ns",
            caller_is_origin: "197.8 ns",
            address: "442.5 ns",
            gas_left: "439.3 ns",
            balance: "1.4 µs",
            value_transferred: "440.2 ns",
            minimum_balance: "438.8 ns",
            block_number: "432.6 ns",
            now: "434.8 ns",
            weight_to_fee: "1.2 µs",
            gas: "195.4 ns",
            input: "418.5 ns",
            input_per_byte: "117 ps",
            r#return: "2.1 µs",
            return_per_byte: "179 ps",
            terminate: "52.9 µs",
            random: "1.7 µs",
            deposit_event: "3.0 µs",
            deposit_event_per_topic: "2.2 µs",
            deposit_event_per_byte: "822 ps",
            debug_message: "331.7 ns",
            set_storage: "5.2 µs",
            set_storage_per_new_byte: "1.1 ns",
            set_storage_per_old_byte: "839 ps",
            set_code_hash: "13.7 µs",
            clear_storage: "5.1 µs",
            clear_storage_per_byte: "863 ps",
            contains_storage: "3.8 µs",
            contains_storage_per_byte: "756 ps",
            get_storage: "4.1 µs",
            get_storage_per_byte: "1.9 ns",
            take_storage: "5.4 µs",
            take_storage_per_byte: "2.0 ns",
            transfer: "17.1 µs",
            call: "218.8 µs",
            delegate_call: "217.1 µs",
            call_transfer_surcharge: "14.5 µs",
            call_per_cloned_byte: "121.6 ns",
            instantiate: "285.4 µs",
            instantiate_transfer_surcharge: "0 ps",
            instantiate_per_salt_byte: "1.5 ns",
            hash_sha2_256: "688.3 ns",
            hash_sha2_256_per_byte: "3.9 ns",
            hash_keccak_256: "845.3 ns",
            hash_keccak_256_per_byte: "3.0 ns",
            hash_blake2_256: "564.6 ns",
            hash_blake2_256_per_byte: "1.2 ns",
            hash_blake2_128: "560.6 ns",
            hash_blake2_128_per_byte: "1.2 ns",
            ecdsa_recover: "37.1 µs",
            ecdsa_to_eth_address: "25.8 µs",
        },
    },
    1024,
    Weight {
        ref_time: 500000000000,
        proof_size: 0,
    },
    2097152,
    128,
)
