---
source: crates/sgx-attestation/src/ias.rs
assertion_line: 188
expression: report.parse_report().unwrap().decode_quote().unwrap()
---
EnclaveQuoteBody {
    version: [
        2,
        0,
    ],
    sign_type: [
        1,
        0,
    ],
    epid_group_id: [
        19,
        12,
        0,
        0,
    ],
    qe_svn: [
        12,
        0,
    ],
    pce_svn: [
        11,
        0,
    ],
    _reserved0: [
        0,
        0,
        0,
        0,
    ],
    basename: [
        32,
        53,
        137,
        142,
        247,
        123,
        142,
        52,
        158,
        236,
        62,
        39,
        115,
        115,
        164,
        144,
        0,
        0,
        0,
        0,
        0,
        0,
        0,
        0,
        0,
        0,
        0,
        0,
        0,
        0,
        0,
        0,
    ],
    cpu_svn: [
        17,
        18,
        2,
        7,
        255,
        128,
        6,
        0,
        0,
        0,
        0,
        0,
        0,
        0,
        0,
        0,
    ],
    misc_select: [
        0,
        0,
        0,
        0,
    ],
    _reserved1: [
        0,
        0,
        0,
        0,
        0,
        0,
        0,
        0,
        0,
        0,
        0,
        0,
    ],
    isv_ext_prod_id: [
        0,
        0,
        0,
        0,
        0,
        0,
        0,
        0,
        0,
        0,
        0,
        0,
        0,
        0,
        0,
        0,
    ],
    attributes: [
        5,
        0,
        0,
        0,
        0,
        0,
        0,
        0,
        7,
        0,
        0,
        0,
        0,
        0,
        0,
        0,
    ],
    mr_enclave: [
        81,
        132,
        34,
        250,
        118,
        157,
        45,
        85,
        152,
        32,
        21,
        160,
        224,
        65,
        124,
        106,
        133,
        33,
        253,
        252,
        115,
        8,
        245,
        236,
        24,
        170,
        161,
        182,
        146,
        75,
        208,
        243,
    ],
    _reserved2: [
        0,
        0,
        0,
        0,
        0,
        0,
        0,
        0,
        0,
        0,
        0,
        0,
        0,
        0,
        0,
        0,
        0,
        0,
        0,
        0,
        0,
        0,
        0,
        0,
        0,
        0,
        0,
        0,
        0,
        0,
        0,
        0,
    ],
    mr_signer: [
        129,
        95,
        66,
        241,
        28,
        246,
        68,
        48,
        195,
        11,
        171,
        120,
        22,
        186,
        89,
        106,
        29,
        160,
        19,
        12,
        59,
        2,
        139,
        103,
        49,
        51,
        166,
        108,
        249,
        163,
        224,
        230,
    ],
    reserved3: [
        0,
        0,
        0,
        0,
        0,
        0,
        0,
        0,
        0,
        0,
        0,
        0,
        0,
        0,
        0,
        0,
        0,
        0,
        0,
        0,
        0,
        0,
        0,
        0,
        0,
        0,
        0,
        0,
        0,
        0,
        0,
        0,
    ],
    config_id: [
        0,
        0,
        0,
        0,
        0,
        0,
        0,
        0,
        0,
        0,
        0,
        0,
        0,
        0,
        0,
        0,
        0,
        0,
        0,
        0,
        0,
        0,
        0,
        0,
        0,
        0,
        0,
        0,
        0,
        0,
        0,
        0,
        0,
        0,
        0,
        0,
        0,
        0,
        0,
        0,
        0,
        0,
        0,
        0,
        0,
        0,
        0,
        0,
        0,
        0,
        0,
        0,
        0,
        0,
        0,
        0,
        0,
        0,
        0,
        0,
        0,
        0,
        0,
        0,
    ],
    isv_prod_id: [
        0,
        0,
    ],
    isv_svn: [
        0,
        0,
    ],
    config_svn: [
        0,
        0,
    ],
    reserved4: [
        0,
        0,
        0,
        0,
        0,
        0,
        0,
        0,
        0,
        0,
        0,
        0,
        0,
        0,
        0,
        0,
        0,
        0,
        0,
        0,
        0,
        0,
        0,
        0,
        0,
        0,
        0,
        0,
        0,
        0,
        0,
        0,
        0,
        0,
        0,
        0,
        0,
        0,
        0,
        0,
        0,
        0,
    ],
    isv_family_id: [
        0,
        0,
        0,
        0,
        0,
        0,
        0,
        0,
        0,
        0,
        0,
        0,
        0,
        0,
        0,
        0,
    ],
    report_data: [
        49,
        120,
        209,
        60,
        181,
        31,
        33,
        21,
        147,
        55,
        203,
        232,
        100,
        193,
        62,
        162,
        223,
        241,
        125,
        213,
        212,
        157,
        160,
        93,
        179,
        181,
        60,
        31,
        15,
        242,
        62,
        140,
        0,
        0,
        0,
        0,
        0,
        0,
        0,
        0,
        0,
        0,
        0,
        0,
        0,
        0,
        0,
        0,
        0,
        0,
        0,
        0,
        0,
        0,
        0,
        0,
        0,
        0,
        0,
        0,
        0,
        0,
        0,
        0,
    ],
}
