---
source: crates/sgx-attestation/src/dcap.rs
assertion_line: 230
expression: pruntime_hash
---
[
    51,
    216,
    115,
    109,
    183,
    86,
    237,
    73,
    151,
    224,
    75,
    163,
    88,
    210,
    120,
    51,
    24,
    143,
    25,
    50,
    255,
    123,
    29,
    21,
    105,
    4,
    211,
    245,
    96,
    69,
    47,
    187,
    0,
    0,
    0,
    0,
    129,
    95,
    66,
    241,
    28,
    246,
    68,
    48,
    195,
    11,
    171,
    120,
    22,
    186,
    89,
    106,
    29,
    160,
    19,
    12,
    59,
    2,
    139,
    103,
    49,
    51,
    166,
    108,
    249,
    163,
    224,
    230,
]
