---
source: crates/sgx-attestation/src/ias.rs
assertion_line: 179
expression: report.parse_report().unwrap()
---
RaReport {
    id: "272094254367129475820129751491483103595",
    timestamp: "2023-10-18T09:01:15.022794",
    version: 4,
    epid_pseudonym: "TnbOji9riBrkhR429r3k19eolZQTpS8ZDKlZUEUieqci/sAdv871SfO4S4fcXMh6doegnYsPrZ87aOi4pEL1BtdRgo/OUU5eohWv2yExfVYwvJ0gOWQvZ+ZqvewbpXPds0OSs9kP9WUHyWXgNtRF4Fqqy1lnLMMInlJuGJt/CkA=",
    advisory_url: "https://security-center.intel.com",
    advisory_ids: [
        "INTEL-SA-00220",
        "INTEL-SA-00270",
        "INTEL-SA-00293",
        "INTEL-SA-00320",
        "INTEL-SA-00329",
        "INTEL-SA-00334",
        "INTEL-SA-00381",
        "INTEL-SA-00389",
        "INTEL-SA-00477",
        "INTEL-SA-00614",
        "INTEL-SA-00615",
        "INTEL-SA-00617",
        "INTEL-SA-00828",
    ],
    isv_enclave_quote_status: "GROUP_OUT_OF_DATE",
    isv_enclave_quote_body: "AgABAFYLAAANAA0AAAAAAEDTN+Go/mqYQBu9Z6iQUBUAAAAAAAAAAAAAAAAAAAAAAhUCBP+AAAAAAAAAAAAAAAAAAAAAAAAAAAAAAAAAAAAAAAAAAAAAAAAAAAAAAAAABQAAAAAAAAAHAAAAAAAAABCCloGAHL79W3V3nQgg2G0KYNgerRTbeTWV7b4Oh7mGAAAAAAAAAAAAAAAAAAAAAAAAAAAAAAAAAAAAAAAAAACD1xnnferKFHD2uvYqTXdDA8iZ22kCD5xw7h38CMfOngAAAAAAAAAAAAAAAAAAAAAAAAAAAAAAAAAAAAAAAAAAAAAAAAAAAAAAAAAAAAAAAAAAAAAAAAAAAAAAAAAAAAAAAAAAAAAAAAAAAAAAAAAAAAAAAAAAAAAAAAAAAAAAAAAAAAAAAAAAAAAAAAAAAAAAAAAAAAAAAAAAAAAAAAAAAAAAAAAAAAAAAAAAAAAAAAAAAAAAAAAAAAAAAAAAAABIZWxsbyBXb3JsZAAAAAAAAAAAAAAAAAAAAAAAAAAAAAAAAAAAAAAAAAAAAAAAAAAAAAAAAAAAAAAAAAAAAAAA",
}
