---
source: crates/sgx-attestation/src/dcap.rs
assertion_line: 229
expression: report_data
---
[
    72,
    101,
    108,
    108,
    111,
    44,
    32,
    119,
    111,
    114,
    108,
    100,
    33,
    0,
    0,
    0,
    0,
    0,
    0,
    0,
    0,
    0,
    0,
    0,
    0,
    0,
    0,
    0,
    0,
    0,
    0,
    0,
    0,
    0,
    0,
    0,
    0,
    0,
    0,
    0,
    0,
    0,
    0,
    0,
    0,
    0,
    0,
    0,
    0,
    0,
    0,
    0,
    0,
    0,
    0,
    0,
    0,
    0,
    0,
    0,
    0,
    0,
    0,
    0,
]
