---
source: crates/sgx-attestation/src/ias.rs
assertion_line: 187
expression: report.parse_report().unwrap()
---
RaReport {
    id: "82934912299674180590716290258197145307",
    timestamp: "2021-09-12T18:06:20.402478",
    version: 4,
    epid_pseudonym: "4TUztFNlJtNfyhtdnN3L4ZfOUkUNcw2coVyAYcxi6Q893o6a+lHgfxVYrlsCAaz2IdpD0QZKFbpjBVbPbhGCszGTg/FwliaPlJ0HMa60Cyx1/pd83YHFgOf02/z36QCdiSvlCnRxxE41sZQE8/WrLqv5hzlsLegOEw6X+r0XS2E=",
    advisory_url: "https://security-center.intel.com",
    advisory_ids: [
        "INTEL-SA-00334",
    ],
    isv_enclave_quote_status: "SW_HARDENING_NEEDED",
    isv_enclave_quote_body: "AgABABMMAAAMAAsAAAAAACA1iY73e440nuw+J3NzpJAAAAAAAAAAAAAAAAAAAAAAERICB/+ABgAAAAAAAAAAAAAAAAAAAAAAAAAAAAAAAAAAAAAAAAAAAAAAAAAAAAAABQAAAAAAAAAHAAAAAAAAAFGEIvp2nS1VmCAVoOBBfGqFIf38cwj17BiqobaSS9DzAAAAAAAAAAAAAAAAAAAAAAAAAAAAAAAAAAAAAAAAAACBX0LxHPZEMMMLq3gWullqHaATDDsCi2cxM6Zs+aPg5gAAAAAAAAAAAAAAAAAAAAAAAAAAAAAAAAAAAAAAAAAAAAAAAAAAAAAAAAAAAAAAAAAAAAAAAAAAAAAAAAAAAAAAAAAAAAAAAAAAAAAAAAAAAAAAAAAAAAAAAAAAAAAAAAAAAAAAAAAAAAAAAAAAAAAAAAAAAAAAAAAAAAAAAAAAAAAAAAAAAAAAAAAAAAAAAAAAAAAAAAAAAAAAAAAAAAAxeNE8tR8hFZM3y+hkwT6i3/F91dSdoF2ztTwfD/I+jAAAAAAAAAAAAAAAAAAAAAAAAAAAAAAAAAAAAAAAAAAA",
}
