---
source: crates/sgx-attestation/src/ias.rs
assertion_line: 180
expression: report.parse_report().unwrap().decode_quote().unwrap()
---
EnclaveQuoteBody {
    version: [
        2,
        0,
    ],
    sign_type: [
        1,
        0,
    ],
    epid_group_id: [
        86,
        11,
        0,
        0,
    ],
    qe_svn: [
        13,
        0,
    ],
    pce_svn: [
        13,
        0,
    ],
    _reserved0: [
        0,
        0,
        0,
        0,
    ],
    basename: [
        64,
        211,
        55,
        225,
        168,
        254,
        106,
        152,
        64,
        27,
        189,
        103,
        168,
        144,
        80,
        21,
        0,
        0,
        0,
        0,
        0,
        0,
        0,
        0,
        0,
        0,
        0,
        0,
        0,
        0,
        0,
        0,
    ],
    cpu_svn: [
        2,
        21,
        2,
        4,
        255,
        128,
        0,
        0,
        0,
        0,
        0,
        0,
        0,
        0,
        0,
        0,
    ],
    misc_select: [
        0,
        0,
        0,
        0,
    ],
    _reserved1: [
        0,
        0,
        0,
        0,
        0,
        0,
        0,
        0,
        0,
        0,
        0,
        0,
    ],
    isv_ext_prod_id: [
        0,
        0,
        0,
        0,
        0,
        0,
        0,
        0,
        0,
        0,
        0,
        0,
        0,
        0,
        0,
        0,
    ],
    attributes: [
        5,
        0,
        0,
        0,
        0,
        0,
        0,
        0,
        7,
        0,
        0,
        0,
        0,
        0,
        0,
        0,
    ],
    mr_enclave: [
        16,
        130,
        150,
        129,
        128,
        28,
        190,
        253,
        91,
        117,
        119,
        157,
        8,
        32,
        216,
        109,
        10,
        96,
        216,
        30,
        173,
        20,
        219,
        121,
        53,
        149,
        237,
        190,
        14,
        135,
        185,
        134,
    ],
    _reserved2: [
        0,
        0,
        0,
        0,
        0,
        0,
        0,
        0,
        0,
        0,
        0,
        0,
        0,
        0,
        0,
        0,
        0,
        0,
        0,
        0,
        0,
        0,
        0,
        0,
        0,
        0,
        0,
        0,
        0,
        0,
        0,
        0,
    ],
    mr_signer: [
        131,
        215,
        25,
        231,
        125,
        234,
        202,
        20,
        112,
        246,
        186,
        246,
        42,
        77,
        119,
        67,
        3,
        200,
        153,
        219,
        105,
        2,
        15,
        156,
        112,
        238,
        29,
        252,
        8,
        199,
        206,
        158,
    ],
    reserved3: [
        0,
        0,
        0,
        0,
        0,
        0,
        0,
        0,
        0,
        0,
        0,
        0,
        0,
        0,
        0,
        0,
        0,
        0,
        0,
        0,
        0,
        0,
        0,
        0,
        0,
        0,
        0,
        0,
        0,
        0,
        0,
        0,
    ],
    config_id: [
        0,
        0,
        0,
        0,
        0,
        0,
        0,
        0,
        0,
        0,
        0,
        0,
        0,
        0,
        0,
        0,
        0,
        0,
        0,
        0,
        0,
        0,
        0,
        0,
        0,
        0,
        0,
        0,
        0,
        0,
        0,
        0,
        0,
        0,
        0,
        0,
        0,
        0,
        0,
        0,
        0,
        0,
        0,
        0,
        0,
        0,
        0,
        0,
        0,
        0,
        0,
        0,
        0,
        0,
        0,
        0,
        0,
        0,
        0,
        0,
        0,
        0,
        0,
        0,
    ],
    isv_prod_id: [
        0,
        0,
    ],
    isv_svn: [
        0,
        0,
    ],
    config_svn: [
        0,
        0,
    ],
    reserved4: [
        0,
        0,
        0,
        0,
        0,
        0,
        0,
        0,
        0,
        0,
        0,
        0,
        0,
        0,
        0,
        0,
        0,
        0,
        0,
        0,
        0,
        0,
        0,
        0,
        0,
        0,
        0,
        0,
        0,
        0,
        0,
        0,
        0,
        0,
        0,
        0,
        0,
        0,
        0,
        0,
        0,
        0,
    ],
    isv_family_id: [
        0,
        0,
        0,
        0,
        0,
        0,
        0,
        0,
        0,
        0,
        0,
        0,
        0,
        0,
        0,
        0,
    ],
    report_data: [
        72,
        101,
        108,
        108,
        111,
        32,
        87,
        111,
        114,
        108,
        100,
        0,
        0,
        0,
        0,
        0,
        0,
        0,
        0,
        0,
        0,
        0,
        0,
        0,
        0,
        0,
        0,
        0,
        0,
        0,
        0,
        0,
        0,
        0,
        0,
        0,
        0,
        0,
        0,
        0,
        0,
        0,
        0,
        0,
        0,
        0,
        0,
        0,
        0,
        0,
        0,
        0,
        0,
        0,
        0,
        0,
        0,
        0,
        0,
        0,
        0,
        0,
        0,
        0,
    ],
}
