---
source: crates/phala-mq/src/send_queue.rs
assertion_line: 260
expression: mq.all_messages_grouped()
---
{
    Reserved: [
        SignedMessage {
            message: Message {
                sender: Reserved,
                destination: /test,
                payload: [
                    20,
                    104,
                    101,
                    108,
                    108,
                    111,
                ],
            },
            sequence: 0,
            signature: [
                0,
                0,
                0,
                0,
                0,
                0,
                0,
                0,
                0,
                0,
                0,
                0,
                0,
                0,
                0,
                0,
                0,
                0,
                0,
                0,
                0,
                0,
                0,
                0,
                0,
                0,
                0,
                0,
                0,
                0,
                0,
                0,
            ],
        },
        SignedMessage {
            message: Message {
                sender: Reserved,
                destination: /test,
                payload: [
                    20,
                    104,
                    101,
                    108,
                    108,
                    111,
                ],
            },
            sequence: 1,
            signature: [
                0,
                0,
                0,
                0,
                0,
                0,
                0,
                0,
                0,
                0,
                0,
                0,
                0,
                0,
                0,
                0,
                0,
                0,
                0,
                0,
                0,
                0,
                0,
                0,
                0,
                0,
                0,
                0,
                0,
                0,
                0,
                0,
            ],
        },
    ],
}
