---
source: crates/phactory/src/system/mod.rs
expression: messages

---
[
    (
        0,
        Message {
            sender: Gatekeeper,
            destination: phala/contract/worker/report,
            payload: [
                1,
                106,
                54,
                146,
                198,
                207,
                203,
                233,
                203,
                97,
                254,
                14,
                227,
                100,
                155,
                172,
                41,
                31,
                100,
                217,
                51,
                160,
                132,
                167,
                65,
                144,
                8,
                38,
                245,
                91,
                57,
                96,
                197,
                0,
                0,
                0,
                0,
                0,
                0,
                0,
                0,
                0,
                0,
                0,
                0,
                0,
                0,
                0,
                0,
                0,
                0,
                0,
                0,
                0,
                0,
                0,
                0,
                0,
                0,
                0,
                0,
                0,
                0,
                0,
                0,
                1,
                1,
                1,
                1,
                1,
                1,
                1,
                1,
                1,
                1,
                1,
                1,
                1,
                1,
                1,
                1,
                1,
                1,
                1,
                1,
                1,
                1,
                1,
                1,
                1,
                1,
                1,
                1,
                1,
                1,
                1,
                1,
                222,
                241,
                46,
                66,
                243,
                228,
                135,
                233,
                177,
                64,
                149,
                170,
                141,
                92,
                193,
                106,
                51,
                73,
                31,
                27,
                80,
                218,
                220,
                248,
                129,
                29,
                20,
                128,
                243,
                250,
                134,
                39,
            ],
        },
    ),
]
