---
source: crates/phactory/src/system/mod.rs
expression: effects

---
ExecSideEffects {
    pink_events: [
        (
            e3f30e9fdd495e274a437ebf039139ecfb6ff87b824d6de0282107a6c1494e17 (5HDavttx...),
            Message(
                Message {
                    payload: [
                        102,
                        111,
                        111,
                    ],
                    topic: [
                        47,
                        98,
                        97,
                        114,
                    ],
                },
            ),
        ),
    ],
    instantiated: [],
}
