---
source: crates/phactory/src/system/mod.rs
expression: messages

---
[
    (
        0,
        Message {
            sender: Worker(
                0000000000000000000000000000000000000000000000000000000000000000 (5C4hrfjw...),
            ),
            destination: phala/contract/worker/report,
            payload: [
                0,
                3,
                74,
                20,
                233,
                183,
                189,
                91,
                131,
                39,
                225,
                206,
                214,
                95,
                67,
                128,
                213,
                125,
                7,
                45,
                44,
                126,
                199,
                39,
                67,
                6,
                241,
                228,
                93,
                51,
                138,
                202,
                117,
                0,
                0,
                0,
                0,
                0,
                0,
                0,
                0,
                0,
                0,
                0,
                0,
                0,
                0,
                0,
                0,
                0,
                0,
                0,
                0,
                0,
                0,
                0,
                0,
                0,
                0,
                0,
                0,
                0,
                0,
                0,
                0,
                0,
                0,
                0,
                0,
                0,
                0,
                0,
                0,
                0,
                0,
                0,
                0,
                0,
                0,
                0,
                0,
                0,
                0,
                0,
                0,
                0,
                0,
                0,
                0,
                0,
                0,
                0,
                0,
                0,
                0,
                0,
                0,
                222,
                241,
                46,
                66,
                243,
                228,
                135,
                233,
                177,
                64,
                149,
                170,
                141,
                92,
                193,
                106,
                51,
                73,
                31,
                27,
                80,
                218,
                220,
                248,
                129,
                29,
                20,
                128,
                243,
                250,
                134,
                39,
            ],
        },
    ),
]
