---
source: crates/pink/tests/test_pink_contract.rs
assertion_line: 230
expression: effects
---
ExecSideEffects {
    pink_events: [
        (
            2affb93501ca8833b6dd866cbe03fe08da1a71dbccf82db453457901173485b8 (5D35qL1j...),
            SetHook {
                hook: OnBlockEnd,
                contract: AccountId(
                    [
                        42,
                        255,
                        185,
                        53,
                        1,
                        202,
                        136,
                        51,
                        182,
                        221,
                        134,
                        108,
                        190,
                        3,
                        254,
                        8,
                        218,
                        26,
                        113,
                        219,
                        204,
                        248,
                        45,
                        180,
                        83,
                        69,
                        121,
                        1,
                        23,
                        52,
                        133,
                        184,
                    ],
                ),
                selector: 1,
            },
        ),
    ],
    ink_events: [],
    instantiated: [
        (
            0101010101010101010101010101010101010101010101010101010101010101 (5C62Ck4U...),
            2affb93501ca8833b6dd866cbe03fe08da1a71dbccf82db453457901173485b8 (5D35qL1j...),
        ),
    ],
}
