---
source: crates/pink/tests/test_pink_contract.rs
expression: effects

---
ExecSideEffects {
    pink_events: [
        (
            b81c488581e2d18bdb886027d0b848b76f2376723c9b2fadf5ccc5b23a2ea038 (5GE751Bk...),
            Message(
                Message {
                    payload: [
                        102,
                        111,
                        111,
                    ],
                    topic: [
                        47,
                        98,
                        97,
                        114,
                    ],
                },
            ),
        ),
    ],
    instantiated: [],
}
