---
source: crates/pink/src/runtime.rs
assertion_line: 162
expression: "(<PinkRuntime as frame_system::Config>::BlockWeights::get(),\n    <PinkRuntime as Config>::Schedule::get(),\n    <PinkRuntime as Config>::DeletionQueueDepth::get(),\n    <PinkRuntime as Config>::DeletionWeightLimit::get(),\n    <PinkRuntime as Config>::MaxCodeLen::get(),\n    <PinkRuntime as Config>::MaxStorageKeyLen::get())"
---
(
    BlockWeights {
        base_block: Weight {
            ref_time: 381015000,
            proof_size: 0,
        },
        max_block: Weight {
            ref_time: 2000000000000,
            proof_size: 18446744073709551615,
        },
        per_class: PerDispatchClass {
            normal: WeightsPerClass {
                base_extrinsic: Weight {
                    ref_time: 99840000,
                    proof_size: 0,
                },
                max_extrinsic: Some(
                    Weight {
                        ref_time: 1299900160000,
                        proof_size: 11990383647911208550,
                    },
                ),
                max_total: Some(
                    Weight {
                        ref_time: 1500000000000,
                        proof_size: 13835058055282163711,
                    },
                ),
                reserved: Some(
                    Weight {
                        ref_time: 0,
                        proof_size: 0,
                    },
                ),
            },
            operational: WeightsPerClass {
                base_extrinsic: Weight {
                    ref_time: 99840000,
                    proof_size: 0,
                },
                max_extrinsic: Some(
                    Weight {
                        ref_time: 1799900160000,
                        proof_size: 16602069666338596454,
                    },
                ),
                max_total: Some(
                    Weight {
                        ref_time: 2000000000000,
                        proof_size: 18446744073709551615,
                    },
                ),
                reserved: Some(
                    Weight {
                        ref_time: 500000000000,
                        proof_size: 4611686018427387904,
                    },
                ),
            },
            mandatory: WeightsPerClass {
                base_extrinsic: Weight {
                    ref_time: 99840000,
                    proof_size: 0,
                },
                max_extrinsic: None,
                max_total: None,
                reserved: None,
            },
        },
    },
    Schedule {
        limits: Limits {
            event_topics: 4,
            globals: 256,
            locals: 1024,
            parameters: 128,
            memory_pages: 64,
            table_size: 4096,
            br_table_size: 256,
            subject_len: 32,
            payload_len: 16384,
        },
        instruction_weights: InstructionWeights {
            version: 4,
            fallback: 8000,
            i64const: 2060,
            i64load: 6640,
            i64store: 5894,
            select: 3255,
            r#if: 6979,
            br: 2287,
            br_if: 3316,
            br_table: 5457,
            br_table_per_entry: 46,
            call: 19203,
            call_indirect: 23063,
            call_indirect_per_param: 2289,
            call_per_local: 913,
            local_get: 2534,
            local_set: 2795,
            local_tee: 2460,
            global_get: 6908,
            global_set: 7138,
            memory_current: 6071,
            memory_grow: 14803549,
            i64clz: 2136,
            i64ctz: 2224,
            i64popcnt: 2470,
            i64eqz: 2410,
            i64extendsi32: 2066,
            i64extendui32: 1995,
            i32wrapi64: 2058,
            i64eq: 2914,
            i64ne: 2896,
            i64lts: 2843,
            i64ltu: 2887,
            i64gts: 2889,
            i64gtu: 3016,
            i64les: 2903,
            i64leu: 3121,
            i64ges: 2906,
            i64geu: 2958,
            i64add: 2786,
            i64sub: 2686,
            i64mul: 2688,
            i64divs: 9041,
            i64divu: 8400,
            i64rems: 9322,
            i64remu: 8353,
            i64and: 2793,
            i64or: 3456,
            i64xor: 2793,
            i64shl: 2818,
            i64shrs: 2855,
            i64shru: 2845,
            i64rotl: 2850,
            i64rotr: 2789,
        },
        host_fn_weights: HostFnWeights {
            caller: "221.4 ns, 30 bytes",
            is_contract: "3.1 µs, 3836 bytes",
            code_hash: "3.8 µs, 3856 bytes",
            own_code_hash: "279.7 ns, 30 bytes",
            caller_is_origin: "142.0 ns, 15 bytes",
            address: "221.1 ns, 30 bytes",
            gas_left: "214.4 ns, 30 bytes",
            balance: "1.2 µs, 30 bytes",
            value_transferred: "218.0 ns, 30 bytes",
            minimum_balance: "214.3 ns, 30 bytes",
            block_number: "211.7 ns, 30 bytes",
            now: "216.7 ns, 30 bytes",
            weight_to_fee: "1.1 µs, 60 bytes",
            gas: "100.7 ns, 0 bytes",
            input: "198.4 ns, 30 bytes",
            input_per_byte: "118 ps, 0 bytes",
            r#return: "1.7 µs, 225 bytes",
            return_per_byte: "227 ps, 0 bytes",
            terminate: "70.4 µs, 15004 bytes",
            random: "1.4 µs, 60 bytes",
            deposit_event: "2.9 µs, 50 bytes",
            deposit_event_per_topic: "2.3 µs, 2637 bytes",
            deposit_event_per_byte: "874 ps, 0 bytes",
            debug_message: "185.5 ns, 35 bytes",
            debug_message_per_byte: "800 ps, 0 bytes",
            set_storage: "5.8 µs, 292 bytes",
            set_storage_per_new_byte: "1.2 ns, 0 bytes",
            set_storage_per_old_byte: "803 ps, 2 bytes",
            set_code_hash: "19.3 µs, 11786 bytes",
            clear_storage: "5.7 µs, 288 bytes",
            clear_storage_per_byte: "815 ps, 2 bytes",
            contains_storage: "4.5 µs, 288 bytes",
            contains_storage_per_byte: "754 ps, 2 bytes",
            get_storage: "4.6 µs, 296 bytes",
            get_storage_per_byte: "2.0 ns, 2 bytes",
            take_storage: "5.8 µs, 296 bytes",
            take_storage_per_byte: "2.0 ns, 2 bytes",
            transfer: "17.5 µs, 2701 bytes",
            call: "362.3 µs, 6393 bytes",
            delegate_call: "359.0 µs, 8249 bytes",
            call_transfer_surcharge: "17.4 µs, 3562 bytes",
            call_per_cloned_byte: "120 ps, 0 bytes",
            instantiate: "448.8 µs, 17088 bytes",
            instantiate_transfer_surcharge: "1.1 µs, 33 bytes",
            instantiate_per_input_byte: "1.5 ns, 0 bytes",
            instantiate_per_salt_byte: "1.5 ns, 0 bytes",
            hash_sha2_256: "528.6 ns, 40 bytes",
            hash_sha2_256_per_byte: "4.0 ns, 0 bytes",
            hash_keccak_256: "722.3 ns, 40 bytes",
            hash_keccak_256_per_byte: "3.2 ns, 0 bytes",
            hash_blake2_256: "416.8 ns, 40 bytes",
            hash_blake2_256_per_byte: "1.3 ns, 0 bytes",
            hash_blake2_128: "449.2 ns, 42 bytes",
            hash_blake2_128_per_byte: "1.3 ns, 0 bytes",
            ecdsa_recover: "37.8 µs, 380 bytes",
            ecdsa_to_eth_address: "9.2 µs, 210 bytes",
            reentrance_count: "143.5 ns, 15 bytes",
            account_reentrance_count: "225.7 ns, 198 bytes",
            instantiation_nonce: "117.3 ns, 18 bytes",
        },
    },
    1024,
    Weight {
        ref_time: 500000000000,
        proof_size: 0,
    },
    65536,
    128,
)
