---
source: crates/pink/runtime/src/runtime.rs
assertion_line: 160
expression: "(<PinkRuntime as frame_system::Config>::BlockWeights::get(),\n    <PinkRuntime as Config>::Schedule::get(),\n    <PinkRuntime as Config>::DefaultDepositLimit::get(),\n    <PinkRuntime as Config>::MaxCodeLen::get(),\n    <PinkRuntime as Config>::MaxStorageKeyLen::get())"
---
(
    BlockWeights {
        base_block: Weight {
            ref_time: 392184000,
            proof_size: 0,
        },
        max_block: Weight {
            ref_time: 2000000000000,
            proof_size: 18446744073709551615,
        },
        per_class: PerDispatchClass {
            normal: WeightsPerClass {
                base_extrinsic: Weight {
                    ref_time: 113638000,
                    proof_size: 0,
                },
                max_extrinsic: Some(
                    Weight {
                        ref_time: 1299886362000,
                        proof_size: 11990383647911208550,
                    },
                ),
                max_total: Some(
                    Weight {
                        ref_time: 1500000000000,
                        proof_size: 13835058055282163711,
                    },
                ),
                reserved: Some(
                    Weight {
                        ref_time: 0,
                        proof_size: 0,
                    },
                ),
            },
            operational: WeightsPerClass {
                base_extrinsic: Weight {
                    ref_time: 113638000,
                    proof_size: 0,
                },
                max_extrinsic: Some(
                    Weight {
                        ref_time: 1799886362000,
                        proof_size: 16602069666338596454,
                    },
                ),
                max_total: Some(
                    Weight {
                        ref_time: 2000000000000,
                        proof_size: 18446744073709551615,
                    },
                ),
                reserved: Some(
                    Weight {
                        ref_time: 500000000000,
                        proof_size: 4611686018427387904,
                    },
                ),
            },
            mandatory: WeightsPerClass {
                base_extrinsic: Weight {
                    ref_time: 113638000,
                    proof_size: 0,
                },
                max_extrinsic: None,
                max_total: None,
                reserved: None,
            },
        },
    },
    Schedule {
        limits: Limits {
            event_topics: 4,
            globals: 256,
            locals: 1024,
            parameters: 128,
            memory_pages: 64,
            table_size: 4096,
            br_table_size: 256,
            subject_len: 32,
            payload_len: 1048576,
            runtime_memory: 2147483648,
        },
        instruction_weights: InstructionWeights {
            version: 4,
            fallback: 8000,
            i64const: 1475,
            i64load: 3636,
            i64store: 3072,
            select: 2035,
            r#if: 6147,
            br: 1662,
            br_if: 3583,
            br_table: 5281,
            br_table_per_entry: 4,
            call: 16625,
            call_indirect: 19911,
            call_per_local: 1041,
            local_get: 864,
            local_set: 2192,
            local_tee: 917,
            global_get: 7258,
            global_set: 7364,
            memory_current: 2281,
            memory_grow: 13311585,
            i64clz: 878,
            i64ctz: 812,
            i64popcnt: 804,
            i64eqz: 731,
            i64extendsi32: 930,
            i64extendui32: 946,
            i32wrapi64: 775,
            i64eq: 1620,
            i64ne: 1874,
            i64lts: 1594,
            i64ltu: 1595,
            i64gts: 1391,
            i64gtu: 1689,
            i64les: 1565,
            i64leu: 1391,
            i64ges: 1539,
            i64geu: 1596,
            i64add: 1473,
            i64sub: 1729,
            i64mul: 1372,
            i64divs: 7241,
            i64divu: 6115,
            i64rems: 7475,
            i64remu: 6297,
            i64and: 1258,
            i64or: 1331,
            i64xor: 1506,
            i64shl: 1442,
            i64shrs: 1712,
            i64shru: 1438,
            i64rotl: 1497,
            i64rotr: 1430,
        },
        host_fn_weights: HostFnWeights {
            caller: "323.8 ns, 6 bytes",
            is_contract: "3.3 µs, 2715 bytes",
            code_hash: "4.1 µs, 2719 bytes",
            own_code_hash: "414.7 ns, 6 bytes",
            caller_is_origin: "167.4 ns, 3 bytes",
            caller_is_root: "145.1 ns, 3 bytes",
            address: "329.6 ns, 6 bytes",
            gas_left: "518.4 ns, 6 bytes",
            balance: "1.5 µs, 6 bytes",
            value_transferred: "326.8 ns, 6 bytes",
            minimum_balance: "324.5 ns, 6 bytes",
            block_number: "318.0 ns, 6 bytes",
            now: "316.8 ns, 6 bytes",
            weight_to_fee: "1.4 µs, 14 bytes",
            gas: "127.9 ns, 0 bytes",
            input: "280.6 ns, 6 bytes",
            input_per_byte: "595 ps, 0 bytes",
            r#return: "926.7 ns, 45 bytes",
            return_per_byte: "181 ps, 0 bytes",
            terminate: "115.3 µs, 7781 bytes",
            random: "1.8 µs, 10 bytes",
            deposit_event: "3.5 µs, 10 bytes",
            deposit_event_per_topic: "2.5 µs, 2508 bytes",
            deposit_event_per_byte: "756 ps, 0 bytes",
            debug_message: "230.6 ns, 7 bytes",
            debug_message_per_byte: "737 ps, 0 bytes",
            set_storage: "6.1 µs, 293 bytes",
            set_storage_per_new_byte: "438 ps, 0 bytes",
            set_storage_per_old_byte: "105 ps, 1 bytes",
            set_code_hash: "22.1 µs, 3090 bytes",
            clear_storage: "5.9 µs, 289 bytes",
            clear_storage_per_byte: "125 ps, 1 bytes",
            contains_storage: "4.8 µs, 289 bytes",
            contains_storage_per_byte: "0 ps, 1 bytes",
            get_storage: "4.9 µs, 297 bytes",
            get_storage_per_byte: "706 ps, 1 bytes",
            take_storage: "6.1 µs, 297 bytes",
            take_storage_per_byte: "744 ps, 1 bytes",
            transfer: "35.4 µs, 2520 bytes",
            call: "216.9 µs, 2752 bytes",
            delegate_call: "213.1 µs, 2572 bytes",
            call_transfer_surcharge: "30.5 µs, 5154 bytes",
            call_per_cloned_byte: "601 ps, 0 bytes",
            instantiate: "349.8 µs, 5205 bytes",
            instantiate_transfer_surcharge: "125.4 µs, 2634 bytes",
            instantiate_per_input_byte: "1.2 ns, 0 bytes",
            instantiate_per_salt_byte: "1.4 ns, 0 bytes",
            hash_sha2_256: "573.9 ns, 8 bytes",
            hash_sha2_256_per_byte: "3.9 ns, 0 bytes",
            hash_keccak_256: "742.7 ns, 8 bytes",
            hash_keccak_256_per_byte: "3.2 ns, 0 bytes",
            hash_blake2_256: "417.9 ns, 8 bytes",
            hash_blake2_256_per_byte: "913 ps, 0 bytes",
            hash_blake2_128: "416.9 ns, 8 bytes",
            hash_blake2_128_per_byte: "919 ps, 0 bytes",
            ecdsa_recover: "37.6 µs, 77 bytes",
            ecdsa_to_eth_address: "9.3 µs, 42 bytes",
            sr25519_verify: "48.1 µs, 112 bytes",
            sr25519_verify_per_byte: "4.7 ns, 1 bytes",
            reentrance_count: "159.6 ns, 3 bytes",
            account_reentrance_count: "257.0 ns, 40 bytes",
            instantiation_nonce: "143.4 ns, 3 bytes",
        },
    },
    340282366920938463463374607431768211455,
    2097152,
    128,
)
