---
source: crates/pink/runner/tests/test_pink_contract.rs
assertion_line: 115
expression: result
---
ContractResult {
    gas_consumed: Weight {
        ref_time: 1902834726,
        proof_size: 45015,
    },
    gas_required: Weight {
        ref_time: 79195633637,
        proof_size: 2113745,
    },
    storage_deposit: StorageDeposit::Charge(
        4,
    ),
    debug_message: [],
    result: Ok(
        InstantiateReturnValue {
            result: ExecReturnValue {
                flags: (empty),
                data: [],
            },
            account_id: 056a8ab55cc7f7405e121302a0af5b46d8c5fd78d2dbc8c2ac994802bdfb71dc (5CBokECH...),
        },
    ),
}
