---
source: crates/phala-types/src/lib.rs
assertion_line: 908
expression: decoded
---
TestData {
    command_payload: Plain(
        (),
    ),
    worker_event_with_key: WorkerEventWithKey {
        pubkey: "0000000000000000000000000000000000000000000000000000000000000000",
        event: Stopped,
    },
    system_event: WorkerEvent(
        WorkerEventWithKey {
            pubkey: "0000000000000000000000000000000000000000000000000000000000000000",
            event: Stopped,
        },
    ),
    chanllenge: HeartbeatChallenge {
        seed: 0,
        online_target: 0,
    },
    worker_report_event: Heartbeat {
        session_id: 0,
        challenge_block: 0,
        challenge_time: 0,
        iterations: 0,
    },
    worker_info_update_event: WorkingInfoUpdateEvent {
        block_number: 0,
        timestamp_ms: 0,
        offline: [],
        recovered_to_online: [],
        settle: [],
    },
    sette_info: SettleInfo {
        pubkey: 0000000000000000000000000000000000000000000000000000000000000000 (5C4hrfjw...),
        v: 0,
        payout: 0,
        treasury: 0,
    },
    launch_first_gatekeeper: FirstGatekeeper(
        NewGatekeeperEvent {
            pubkey: 0000000000000000000000000000000000000000000000000000000000000000 (5C4hrfjw...),
            ecdh_pubkey: 0000000000000000000000000000000000000000000000000000000000000000 (5C4hrfjw...),
        },
    ),
    launch_master_pubkey_on_chain: MasterPubkeyOnChain(
        MasterPubkeyEvent {
            master_pubkey: 0000000000000000000000000000000000000000000000000000000000000000 (5C4hrfjw...),
        },
    ),
    launch_rotate_master_key: RotateMasterKey(
        RotateMasterKeyEvent {
            rotation_id: 0,
            gk_identities: [],
        },
    ),
    launch_master_pubkey_rotated: MasterPubkeyRotated(
        MasterPubkeyEvent {
            master_pubkey: 0000000000000000000000000000000000000000000000000000000000000000 (5C4hrfjw...),
        },
    ),
    new_gatekeeper_event: NewGatekeeperEvent {
        pubkey: 0000000000000000000000000000000000000000000000000000000000000000 (5C4hrfjw...),
        ecdh_pubkey: 0000000000000000000000000000000000000000000000000000000000000000 (5C4hrfjw...),
    },
    remove_gatekeeper_event: RemoveGatekeeperEvent {
        pubkey: 0000000000000000000000000000000000000000000000000000000000000000 (5C4hrfjw...),
    },
    master_pubkey_event: MasterPubkeyEvent {
        master_pubkey: 0000000000000000000000000000000000000000000000000000000000000000 (5C4hrfjw...),
    },
    rotate_master_key_event: RotateMasterKeyEvent {
        rotation_id: 0,
        gk_identities: [],
    },
    gatekeeper_registered: Registered(
        NewGatekeeperEvent {
            pubkey: 0000000000000000000000000000000000000000000000000000000000000000 (5C4hrfjw...),
            ecdh_pubkey: 0000000000000000000000000000000000000000000000000000000000000000 (5C4hrfjw...),
        },
    ),
    gatekeeper_unregistered: Unregistered(
        RemoveGatekeeperEvent {
            pubkey: 0000000000000000000000000000000000000000000000000000000000000000 (5C4hrfjw...),
        },
    ),
    key_distribution: MasterKeyDistribution(
        DispatchMasterKeyEvent {
            dest: 0000000000000000000000000000000000000000000000000000000000000000 (5C4hrfjw...),
            ecdh_pubkey: 0000000000000000000000000000000000000000000000000000000000000000 (5C4hrfjw...),
            encrypted_master_key: [],
            iv: [
                0,
                0,
                0,
                0,
                0,
                0,
                0,
                0,
                0,
                0,
                0,
                0,
            ],
        },
    ),
    encrypted_key: EncryptedKey {
        ecdh_pubkey: 0000000000000000000000000000000000000000000000000000000000000000 (5C4hrfjw...),
        encrypted_key: [],
        iv: [
            0,
            0,
            0,
            0,
            0,
            0,
            0,
            0,
            0,
            0,
            0,
            0,
        ],
    },
    dispatch_master_key_event: DispatchMasterKeyEvent {
        dest: 0000000000000000000000000000000000000000000000000000000000000000 (5C4hrfjw...),
        ecdh_pubkey: 0000000000000000000000000000000000000000000000000000000000000000 (5C4hrfjw...),
        encrypted_master_key: [],
        iv: [
            0,
            0,
            0,
            0,
            0,
            0,
            0,
            0,
            0,
            0,
            0,
            0,
        ],
    },
    dispatch_master_key_history_event: DispatchMasterKeyHistoryEvent {
        dest: 0000000000000000000000000000000000000000000000000000000000000000 (5C4hrfjw...),
        encrypted_master_key_history: [],
    },
    batch_rotate_master_key_event: BatchRotateMasterKeyEvent {
        rotation_id: 0,
        secret_keys: {},
        sender: 0000000000000000000000000000000000000000000000000000000000000000 (5C4hrfjw...),
        sig: [],
    },
    gatekeeper_event: NewRandomNumber(
        RandomNumberEvent {
            block_number: 0,
            random_number: [
                0,
                0,
                0,
                0,
                0,
                0,
                0,
                0,
                0,
                0,
                0,
                0,
                0,
                0,
                0,
                0,
                0,
                0,
                0,
                0,
                0,
                0,
                0,
                0,
                0,
                0,
                0,
                0,
                0,
                0,
                0,
                0,
            ],
            last_random_number: [
                0,
                0,
                0,
                0,
                0,
                0,
                0,
                0,
                0,
                0,
                0,
                0,
                0,
                0,
                0,
                0,
                0,
                0,
                0,
                0,
                0,
                0,
                0,
                0,
                0,
                0,
                0,
                0,
                0,
                0,
                0,
                0,
            ],
        },
    ),
    random_number_event: RandomNumberEvent {
        block_number: 0,
        random_number: [
            0,
            0,
            0,
            0,
            0,
            0,
            0,
            0,
            0,
            0,
            0,
            0,
            0,
            0,
            0,
            0,
            0,
            0,
            0,
            0,
            0,
            0,
            0,
            0,
            0,
            0,
            0,
            0,
            0,
            0,
            0,
            0,
        ],
        last_random_number: [
            0,
            0,
            0,
            0,
            0,
            0,
            0,
            0,
            0,
            0,
            0,
            0,
            0,
            0,
            0,
            0,
            0,
            0,
            0,
            0,
            0,
            0,
            0,
            0,
            0,
            0,
            0,
            0,
            0,
            0,
            0,
            0,
        ],
    },
    tokenomic_parameters: TokenomicParameters {
        pha_rate: 0,
        rho: 0,
        budget_per_block: 0,
        v_max: 0,
        cost_k: 0,
        cost_b: 0,
        slash_rate: 0,
        treasury_ratio: 0,
        heartbeat_window: 0,
        rig_k: 0,
        rig_b: 0,
        re: 0,
        k: 0,
        kappa: 0,
    },
    worker_state_enum: Empty,
    worker_info: WorkerInfo {
        machine_id: [],
        pubkey: [],
        last_updated: 0,
        state: Empty,
        score: None,
        attestation_provider: None,
        confidence_level: 0,
        runtime_version: 0,
    },
    challenge_handler_info: ChallengeHandlerInfo {
        challenge: HandoverChallenge {
            sgx_target_info: [],
            block_number: 0,
            now: 0,
            dev_mode: false,
            nonce: [
                0,
                0,
                0,
                0,
                0,
                0,
                0,
                0,
                0,
                0,
                0,
                0,
                0,
                0,
                0,
                0,
                0,
                0,
                0,
                0,
                0,
                0,
                0,
                0,
                0,
                0,
                0,
                0,
                0,
                0,
                0,
                0,
            ],
        },
        sgx_local_report: [],
        ecdh_pubkey: 0000000000000000000000000000000000000000000000000000000000000000 (5C4hrfjw...),
    },
    encrypted_worker_key: EncryptedWorkerKey {
        genesis_block_hash: 0x0000000000000000000000000000000000000000000000000000000000000000,
        para_id: 0,
        dev_mode: false,
        encrypted_key: EncryptedKey {
            ecdh_pubkey: 0000000000000000000000000000000000000000000000000000000000000000 (5C4hrfjw...),
            encrypted_key: [],
            iv: [
                0,
                0,
                0,
                0,
                0,
                0,
                0,
                0,
                0,
                0,
                0,
                0,
            ],
        },
    },
    worker_registration_info: WorkerRegistrationInfo {
        version: 0,
        machine_id: [],
        pubkey: 0000000000000000000000000000000000000000000000000000000000000000 (5C4hrfjw...),
        ecdh_pubkey: 0000000000000000000000000000000000000000000000000000000000000000 (5C4hrfjw...),
        genesis_block_hash: 0x0000000000000000000000000000000000000000000000000000000000000000,
        features: [],
        operator: None,
    },
    worker_registration_info_v2: WorkerRegistrationInfoV2 {
        version: 0,
        machine_id: [],
        pubkey: 0000000000000000000000000000000000000000000000000000000000000000 (5C4hrfjw...),
        ecdh_pubkey: 0000000000000000000000000000000000000000000000000000000000000000 (5C4hrfjw...),
        genesis_block_hash: 0x0000000000000000000000000000000000000000000000000000000000000000,
        features: [],
        operator: None,
        para_id: 0,
        max_consensus_version: 0,
    },
    versioned_worker_endpoints: V1(
        [],
    ),
    worker_endpoint_payload: WorkerEndpointPayload {
        pubkey: 0000000000000000000000000000000000000000000000000000000000000000 (5C4hrfjw...),
        versioned_endpoints: V1(
            [],
        ),
        signing_time: 0,
    },
    round_info: RoundInfo {
        round: 0,
        start_block: 0,
    },
    slash_worker_stats: StashWorkerStats {
        slash: 0,
        compute_received: 0,
        online_received: 0,
    },
    round_stats: RoundStats {
        round: 0,
        online_workers: 0,
        compute_workers: 0,
        frac_target_online_reward: 0,
        total_power: 0,
        frac_target_compute_reward: 0,
    },
    worker_stats_delta: WorkerStatsDelta {
        num_worker: 0,
        num_power: 0,
    },
    payout_reason: OnlineReward,
    slash_info: StashInfo {
        controller: 0,
        payout_prefs: PayoutPrefs {
            commission: 0,
            target: 0,
        },
    },
}
