---
source: crates/phala-types/src/contract.rs
assertion_line: 422
expression: decoded
---
TestData {
    code_index: WasmCode(
        [
            1,
            2,
            3,
        ],
    ),
    ink_command: InkMessage {
        nonce: BoundedVec(
            [],
            32,
        ),
        message: [
            1,
            2,
            3,
        ],
        transfer: 0,
        gas_limit: 0,
        storage_deposit_limit: None,
    },
    cluster_event: DeployCluster {
        owner: 0101010101010101010101010101010101010101010101010101010101010101 (5C62Ck4U...),
        cluster: 0x0101010101010101010101010101010101010101010101010101010101010101,
        workers: [],
        deposit: 0,
        gas_price: 0,
        deposit_per_item: 0,
        deposit_per_byte: 0,
        treasury_account: 0101010101010101010101010101010101010101010101010101010101010101 (5C62Ck4U...),
    },
    cluster_operation: DispatchKeys(
        BatchDispatchClusterKeyEvent {
            secret_keys: {},
            cluster: 0x0000000000000000000000000000000000000000000000000000000000000000,
            owner: 0101010101010101010101010101010101010101010101010101010101010101 (5C62Ck4U...),
            deposit: 0,
            gas_price: 0,
            deposit_per_item: 0,
            deposit_per_byte: 0,
            treasury_account: 0101010101010101010101010101010101010101010101010101010101010101 (5C62Ck4U...),
        },
    ),
    res_type: InkCode,
    cluster_report: ClusterDeployed {
        id: 0x0101010101010101010101010101010101010101010101010101010101010101,
        pubkey: 0101010101010101010101010101010101010101010101010101010101010101 (5C62Ck4U...),
    },
    cluster_info: ClusterInfo {
        owner: 0101010101010101010101010101010101010101010101010101010101010101 (5C62Ck4U...),
        permission: Public,
        system_contract: 0x0101010101010101010101010101010101010101010101010101010101010101,
        gas_price: 0,
        deposit_per_item: 0,
        deposit_per_byte: 0,
    },
    contract_operation: InstantiateCode {
        contract_info: ContractInfo {
            deployer: 0101010101010101010101010101010101010101010101010101010101010101 (5C62Ck4U...),
            code_index: WasmCode(
                [
                    1,
                    2,
                    3,
                ],
            ),
            salt: [
                1,
                2,
                3,
            ],
            cluster_id: 0x0101010101010101010101010101010101010101010101010101010101010101,
            instantiate_data: [
                1,
                2,
                3,
            ],
        },
        transfer: 0,
        gas_limit: 0,
        storage_deposit_limit: None,
    },
    query: ContractQuery {
        head: ContractQueryHead {
            id: 0x0101010101010101010101010101010101010101010101010101010101010101,
            nonce: [
                1,
                1,
                1,
                1,
                1,
                1,
                1,
                1,
                1,
                1,
                1,
                1,
                1,
                1,
                1,
                1,
                1,
                1,
                1,
                1,
                1,
                1,
                1,
                1,
                1,
                1,
                1,
                1,
                1,
                1,
                1,
                1,
            ],
        },
        data: [
            1,
            2,
            3,
        ],
    },
    query_response: ContractQueryResponse {
        nonce: [
            1,
            1,
            1,
            1,
            1,
            1,
            1,
            1,
            1,
            1,
            1,
            1,
            1,
            1,
            1,
            1,
            1,
            1,
            1,
            1,
            1,
            1,
            1,
            1,
            1,
            1,
            1,
            1,
            1,
            1,
            1,
            1,
        ],
        result: [
            1,
            2,
            3,
        ],
    },
    query_error: InvalidSignature,
}
